IP = Ethernet
COM12 Open success
b'\r\n'
b'U-Boot SPL 2023.01-00079-g222796ceb5-dirty (Aug 22 2023 - 15:31:38 +0800)\r\n'
b'Trying to boot from RAM\r\n'
b'\r\n'
b'OpenSBI v1.0\r\n'
b'   ____                    _____ ____ _____\r\n'
b'  / __ \\                  / ____|  _ \\_   _|\r\n'
b' | |  | |_ __   ___ _ __ | (___ | |_) || |\r\n'
b" | |  | | '_ \\ / _ \\ '_ \\ \\___ \\|  _ < | |\r\n"
b' | |__| | |_) |  __/ | | |____) | |_) || |_\r\n'
b'  \\____/| .__/ \\___|_| |_|_____/|____/_____|\r\n'
b'        | |\r\n'
b'        |_|\r\n'
b'\r\n'
b'Platform Name             : StarFive JH8100 FPGA\r\n'
b'Platform Features         : medeleg\r\n'
b'Platform HART Count       : 6\r\n'
b'Platform IPI Device       : aclint-mswi\r\n'
b'Platform Timer Device     : aclint-mtimer @ 4000000Hz\r\n'
b'Platform Console Device   : cadence_uart\r\n'
b'Platform HSM Device       : ---\r\n'
b'Platform Reboot Device    : ---\r\n'
b'Platform Shutdown Device  : ---\r\n'
b'Firmware Base             : 0x40000000\r\n'
b'Firmware Size             : 292 KB\r\n'
b'Runtime SBI Version       : 0.3\r\n'
b'\r\n'
b'Domain0 Name              : root\r\n'
b'Domain0 Boot HART         : 2\r\n'
b'Domain0 HARTs             : 0*,1*,2*,3*,4*,5*\r\n'
b'Domain0 Region00          : 0x0000000002000000-0x000000000200ffff (I)\r\n'
b'Domain0 Region01          : 0x0000000040000000-0x000000004007ffff ()\r\n'
b'Domain0 Region02          : 0x0000000000000000-0xffffffffffffffff (R,W,X)\r\n'
b'Domain0 Next Address      : 0x0000000040100000\r\n'
b'Domain0 Next Arg1         : 0x00000000401944a8\r\n'
b'Domain0 Next Mode         : S-mode\r\n'
b'Domain0 SysReset          : yes\r\n'
b'\r\n'
b'Boot HART ID              : 2\r\n'
b'Boot HART Domain          : root\r\n'
b'Boot HART ISA             : rv64imafdcbsuh\r\n'
b'Boot HART Features        : scounteren,mcounteren,mcountinhibit,sscofpmf,time\r\n'
b'Boot HART PMP Count       : 16\r\n'
b'Boot HART PMP Granularity : 4096\r\n'
b'Boot HART PMP Address Bits: 38\r\n'
b'Boot HART MHPM Count      : 12\r\n'
b'Boot HART MIDELEG         : 0x0000000000003666\r\n'
b'Boot HART MEDELEG         : 0x0000000000f0b509\r\n'
b'\r\n'
b'\r\n'
b'U-Boot 2023.01-00079-g222796ceb5-dirty (Aug 22 2023 - 15:31:38 +0800)\r\n'
b'\r\n'
b'CPU:   rv64imafdch\r\n'
b'Model: StarFive JH8100 FPGA\r\n'
b'DRAM:  8 GiB\r\n'
b'Core:  73 devices, 22 uclasses, devicetree: separate\r\n'
b'MMC:   mmc@1f110000: 0, mmc@1f120000: 1\r\n'
b'Loading Environment from nowhere... OK\r\n'
b'In:    serial@12160000\r\n'
b'Out:   serial@12160000\r\n'
b'Err:   serial@12160000\r\n'
b'Model: StarFive JH8100 FPGA\r\n'
b'Net:   eth0: ethernet@1f100000\r\n'
b'StarFive # '
StarFive # found
b'setenv ipaddr 192.168.152.38\r\n'
b'StarFive # printenv ipaddr\r\n'
b'ipaddr=192.168.152.38\r\n'
ipaddr=192.168.152.38 found
b'setenv serverip 192.168.152.55\r\n'
b'StarFive # printenv serverip\r\n'
b'serverip=192.168.152.55\r\n'
serverip=192.168.152.55 found
b'setenv gatewayip 192.168.152.1\r\n'
b'StarFive # printenv gatewayip\r\n'
b'gatewayip=192.168.152.1\r\n'
gatewayip=192.168.152.1 found
b'ping 192.168.152.55\r\n'
b'ethernet@1f100000 Waiting for PHY auto negotiation to complete...... done\r\n'
b'Using ethernet@1f100000 device\r\n'
b''
is alive not found
b'host 192.168.152.55 is alive\r\n'
is alive found
b'run tftpboot\r\n'
b'Using ethernet@1f100000 device\r\n'
b'TFTP from server 192.168.152.55; our IP address is 192.168.152.38\r\n'
b"Filename 'Image.gz'.\r\n"
b'Load address: 0x47000000\r\n'
b'Loading: *\x08#################################################################\r\n'
b'\t #################################################################\r\n'
b'\t #################################################################\r\n'
b'\t #################################################################\r\n'
b'\t #################################################################\r\n'
b'\t #################################################################\r\n'
b'\t #################################################################\r\n'
b'\t ###########\r\n'
b'\t 667 KiB/s\r\n'
b'done\r\n'
b'Bytes transferred = 6828085 (683035 hex)\r\n'
b'Using ethernet@1f100000 device\r\n'
b'TFTP from server 192.168.152.55; our IP address is 192.168.152.38\r\n'
b"Filename 'jh8100-fpga-linux.dtb'.\r\n"
b'Load address: 0x46000000\r\n'
b'Loading: *\x08###\r\n'
b'\t 629.9 KiB/s\r\n'
b'done\r\n'
b'Bytes transferred = 31635 (7b93 hex)\r\n'
b'Using ethernet@1f100000 device\r\n'
b'TFTP from server 192.168.152.55; our IP address is 192.168.152.38\r\n'
b"Filename 'rootfs.cpio'.\r\n"
b'Load address: 0x59000000\r\n'
b'Loading: *\x08#################################################################\r\n'
b'\t #################################################################\r\n'
b'\t #################################################################\r\n'
b'\t #################################################################\r\n'
b'\t #################################################################\r\n'
b'\t #################################################################\r\n'
b'\t #################################################################\r\n'
b'\t #################################################################\r\n'
b'\t ###########\r\n'
b'\t 676.8 KiB/s\r\n'
b'done\r\n'
b'Bytes transferred = 7785984 (76ce00 hex)\r\n'
b'   Uncompressing Kernel Image\r\n'
b'Moving Image from 0x47000000 to 0x40200000, end=41769000\r\n'
b'## Flattened Device Tree blob at 46000000\r\n'
b'   Booting using the fdt blob at 0x46000000\r\n'
b'Working FDT set to 46000000\r\n'
b'   Using Device Tree in place at 0000000046000000, end 000000004600ab92\r\n'
b'Working FDT set to 46000000\r\n'
b'\r\n'
b'Starting kernel ...\r\n'
b'[    0.000000] Linux version 6.1.20-00121-gc19e68c5dc7e (sw_buildbot@mdcsw01) (riscv64-unknown-linux-gnu-gcc (GCC) 10.2.0, GNU ld (GNU Binutils) 2.35) #1 SMP Thu Aug 24 13:37:24 CST 2023\r\n'
Linux version found
b'Calibrating delay loop (skipped), value calculated using timer frequency.. 8.00 BogoMIPS (lpj=40000)\r\n'
b'[    0.006966] pid_max: default: 32768 minimum: 301\r\n'
b'[    0.013320] Mount-cache hash table entries: 16384 (order: 5, 131072 bytes, linear)\r\n'
b'[    0.015075] Mountpoint-cache hash table entries: 16384 (order: 5, 131072 bytes, linear)\r\n'
b'[    0.061839] cblist_init_generic: Setting adjustable number of callback queues.\r\n'
b'[    0.062108] cblist_init_generic: Setting shift to 3 and lim to 1.\r\n'
b'[    0.064743] riscv: ELF compat mode unsupported\r\n'
b'[    0.065651] ASID allocator using 16 bits (65536 entries)\r\n'
b'[    0.068369] rcu: Hierarchical SRCU implementation.\r\n'
b'[    0.068492] rcu: \tMax phase no-delay instances is 1000.\r\n'
b'[    0.073996] EFI services will not be available.\r\n'
b'[    0.083420] smp: Bringing up secondary CPUs ...\r\n'
b'[    1.140045] CPU1: failed to come online\r\n'
b'[    2.192322] CPU2: failed to come online\r\n'
b'[    3.246598] CPU3: failed to come online\r\n'
b'[    4.300868] CPU4: failed to come online\r\n'
b'[    5.355089] CPU5: failed to come online\r\n'
b'[    5.356259] smp: Brought up 1 node, 1 CPU\r\n'
b'[    5.373252] devtmpfs: initialized\r\n'
b'[    5.552763] clocksource: jiffies: mask: 0xffffffff max_cycles: 0xffffffff, max_idle_ns: 19112604462750000 ns\r\n'
b'[    5.553224] futex hash table entries: 2048 (order: 5, 131072 bytes, linear)\r\n'
b'[    5.556447] pinctrl core: initialized pinctrl subsystem\r\n'
b'[    5.575059] NET: Registered PF_NETLINK/PF_ROUTE protocol family\r\n'
b'[    5.590040] cpuidle: using governor menu\r\n'
b'[    5.715611] 12160000.serial: ttyPS0 at MMIO 0x12160000 (irq = 1, base_baud = 1500000) is a xuartps\r\n'
b'[    6.215608] printk: console [ttyPS0] enabled\r\n'
b'[    6.717340] SCSI subsystem initialized\r\n'
b'[    6.725467] libata version 3.00 loaded.\r\n'
b'[    6.734372] usbcore: registered new interface driver usbfs\r\n'
b'[    6.741142] usbcore: registered new interface driver hub\r\n'
b'[    6.747954] usbcore: registered new device driver usb\r\n'
b'[    6.778459] vgaarb: loaded\r\n'
b'[    6.784285] clocksource: Switched to clocksource riscv_clocksource\r\n'
b'[    7.027876] NET: Registered PF_INET protocol family\r\n'
b'[    7.048729] IP idents hash table entries: 131072 (order: 8, 1048576 bytes, linear)\r\n'
b'[    7.362686] tcp_listen_portaddr_hash hash table entries: 4096 (order: 5, 131072 bytes, linear)\r\n'
b'[    7.373827] Table-perturb hash table entries: 65536 (order: 6, 262144 bytes, linear)\r\n'
b'[    7.382424] TCP established hash table entries: 65536 (order: 7, 524288 bytes, linear)\r\n'
b'[    7.400268] TCP bind hash table entries: 65536 (order: 10, 4194304 bytes, linear)\r\n'
b'[    7.466094] TCP: Hash tables configured (established 65536 bind 65536)\r\n'
b'[    7.477536] UDP hash table entries: 4096 (order: 6, 393216 bytes, linear)\r\n'
b'[    7.489631] UDP-Lite hash table entries: 4096 (order: 6, 393216 bytes, linear)\r\n'
b'[    7.506106] NET: Registered PF_UNIX/PF_LOCAL protocol family\r\n'
b'[    7.526533] RPC: Registered named UNIX socket transport module.\r\n'
b'[    7.532823] RPC: Registered udp transport module.\r\n'
b'[    7.538056] RPC: Registered tcp transport module.\r\n'
b'[    7.543009] RPC: Registered tcp NFSv4.1 backchannel transport module.\r\n'
b'[    7.550094] PCI: CLS 0 bytes, default 64\r\n'
b'[    7.563369] Trying to unpack rootfs image as initramfs...\r\n'
b'[    7.655847] workingset: timestamp_bits=62 max_order=21 bucket_order=0\r\n'
b'[    8.145512] NFS: Registering the id_resolver key type\r\n'
b'[    8.151900] Key type id_resolver registered\r\n'
b'[    8.156683] Key type id_legacy registered\r\n'
b'[    8.163474] nfs4filelayout_init: NFSv4 File Layout Driver Registering...\r\n'
b'[    8.170778] nfs4flexfilelayout_init: NFSv4 Flexfile Layout Driver Registering...\r\n'
b'[    8.225586] 9p: Installing v9fs 9p2000 file system support\r\n'
b'[    8.241656] NET: Registered PF_ALG protocol family\r\n'
b'[    8.248238] Block layer SCSI generic (bsg) driver version 0.4 loaded (major 250)\r\n'
b'[    8.256282] io scheduler mq-deadline registered\r\n'
b'[    8.261102] io scheduler kyber registered\r\n'
b'[    8.727072] dw_axi_dmac_platform 12cc0000.dma-controller: DesignWare AXI DMA Controller, 8 channels\r\n'
b'[    9.550627] rootfs image is not initramfs (invalid magic at start of compressed archive); looks like an initrd\r\n'
b'[   11.686210] Serial: 8250/16550 driver, 4 ports, IRQ sharing disabled\r\n'
b'[   11.761907] [drm] radeon kernel modesetting enabled.\r\n'
b'[   12.222688] brd: module loaded\r\n'
b'[   12.590210] loop: module loaded\r\n'
b'[   12.632677] cadence-xspi 1f340000.spi: PHY configuration\r\n'
b'[   12.638842] cadence-xspi 1f340000.spi:    * xspi_dll_phy_ctrl: 00000000\r\n'
b'[   12.646035] cadence-xspi 1f340000.spi:    * phy_dq_timing: 00000000\r\n'
b'[   12.652626] cadence-xspi 1f340000.spi:    * phy_dqs_timing: 00000000\r\n'
b'[   12.659499] cadence-xspi 1f340000.spi:    * phy_gate_loopback_ctrl: 00000000\r\n'
b'[   12.667061] cadence-xspi 1f340000.spi:    * phy_dll_master_ctrl: 00000000\r\n'
b'[   12.674357] cadence-xspi 1f340000.spi:    * phy_dll_slave_ctrl: 00000000\r\n'
b'[   12.681358] cadence-xspi 1f340000.spi: Incorrect XSPI magic number: 0, expected: 6522\r\n'
b'[   12.689742] cadence-xspi 1f340000.spi: Failed to initialize controller\r\n'
b'[   12.696751] cadence-xspi: probe of 1f340000.spi failed with error -5\r\n'
b'[   12.977350] e1000e: Intel(R) PRO/1000 Network Driver\r\n'
b'[   12.982781] e1000e: Copyright(c) 1999 - 2015 Intel Corporation.\r\n'
b'[   13.084981] starfive-dwmac 1f100000.ethernet: User ID: 0x41, Synopsys ID: 0x52\r\n'
b'[   13.092901] starfive-dwmac 1f100000.ethernet: \tDWMAC4/5\r\n'
b'[   13.098822] starfive-dwmac 1f100000.ethernet: DMA HW capability register supported\r\n'
b'[   13.106940] starfive-dwmac 1f100000.ethernet: RX Checksum Offload Engine supported\r\n'
b'[   13.115000] starfive-dwmac 1f100000.ethernet: Wake-Up On Lan supported\r\n'
b'[   13.124188] starfive-dwmac 1f100000.ethernet: TSO supported\r\n'
b'[   13.130075] starfive-dwmac 1f100000.ethernet: Enable RX Mitigation via HW Watchdog Timer\r\n'
b'[   13.138767] starfive-dwmac 1f100000.ethernet: Enabled L3L4 Flow TC (entries=1)\r\n'
b'[   13.146543] starfive-dwmac 1f100000.ethernet: Enabled RFS Flow TC (entries=10)\r\n'
b'[   13.154324] starfive-dwmac 1f100000.ethernet: TSO feature enabled\r\n'
b'[   13.160702] starfive-dwmac 1f100000.ethernet: SPH feature enabled\r\n'
b'[   13.167296] starfive-dwmac 1f100000.ethernet: Using 40 bits DMA width\r\n'
b'[   15.617488] Freeing initrd memory: 65536K\r\n'
b'[   16.555369] mdio_bus stmmac-0:00: attached PHY driver [unbound] (mii_bus:phy_addr=stmmac-0:00, irq=POLL)\r\n'
b'[   16.623384] usbcore: registered new interface driver uas\r\n'
b'[   16.630515] usbcore: registered new interface driver usb-storage\r\n'
b'[   16.641936] mousedev: PS/2 mouse device common for all mice\r\n'
b'[   16.684899] starfive-rtc 1f330000.rtc: registered as rtc0\r\n'
b'[   16.691018] starfive-rtc 1f330000.rtc: setting system clock to 2001-01-01T00:00:00 UTC (978307200)\r\n'
b'[   16.702188] i2c_dev: i2c /dev entries driver\r\n'
b'[   16.727075] sdhci: Secure Digital Host Controller Interface driver\r\n'
b'[   16.733530] sdhci: Copyright(c) Pierre Ossman\r\n'
b'[   16.738984] sdhci-pltfm: SDHCI platform and OF driver helper\r\n'
b'[   16.753528] clocksource: 121c0000.timer.ch0: mask: 0xffffffff max_cycles: 0xffffffff, max_idle_ns: 382252089255 ns\r\n'
b'[   16.767269] clocksource: 121c0000.timer.ch1: mask: 0xffffffff max_cycles: 0xffffffff, max_idle_ns: 382252089255 ns\r\n'
b'[   16.780799] clocksource: 121c0000.timer.ch2: mask: 0xffffffff max_cycles: 0xffffffff, max_idle_ns: 382252089255 ns\r\n'
b'[   16.794547] clocksource: 121c0000.timer.ch3: mask: 0xffffffff max_cycles: 0xffffffff, max_idle_ns: 382252089255 ns\r\n'
b'[   16.810485] clocksource: 121d0000.timer.ch0: mask: 0xffffffff max_cycles: 0xffffffff, max_idle_ns: 382252089255 ns\r\n'
b'[   16.824563] clocksource: 121d0000.timer.ch1: mask: 0xffffffff max_cycles: 0xffffffff, max_idle_ns: 382252089255 ns\r\n'
b'[   16.837875] clocksource: 121d0000.timer.ch2: mask: 0xffffffff max_cycles: 0xffffffff, max_idle_ns: 382252089255 ns\r\n'
b'[   16.851304] clocksource: 121d0000.timer.ch3: mask: 0xffffffff max_cycles: 0xffffffff, max_idle_ns: 382252089255 ns\r\n'
b'[   16.867926] usbcore: registered new interface driver usbhid\r\n'
b'[   16.873795] usbhid: USB HID core driver\r\n'
b'[   16.912129] starfive-meu-mailbox 1f370000.mailbox: Starfive MEU Doorbell mailbox registered\r\n'
b'[   17.025810] NET: Registered PF_INET6 protocol family\r\n'
b'[   17.060338] Segment Routing with IPv6\r\n'
b'[   17.065706] In-situ OAM (IOAM) with IPv6\r\n'
b'[   17.072914] sit: IPv6, IPv4 and MPLS over IPv4 tunneling driver\r\n'
b'[   17.094603] NET: Registered PF_PACKET protocol family\r\n'
b'[   17.104494] 9pnet: Installing 9P2000 support\r\n'
b'[   17.110500] Key type dns_resolver registered\r\n'
b'[   17.115400] start plist test\r\n'
b'[   17.261693] end plist test\r\n'
b'[   17.279465] debug_vm_pgtable: [debug_vm_pgtable         ]: Validating architecture page table helpers\r\n'
b'[   17.295695] mmc0: SDHCI controller on 1f120000.mmc [1f120000.mmc] using ADMA 64-bit\r\n'
b'[   18.633074] starfive-jh8100-sys-pinctrl-east 122d0000.pinctrl: StarFive GPIO chip registered 48 GPIOs\r\n'
b'[   18.673061] mmc0: Skipping voltage switch\r\n'
b'[   18.689884] starfive-jh8100-sys-pinctrl-west 123e0000.pinctrl: StarFive GPIO chip registered 16 GPIOs\r\n'
b'[   18.742192] mmc0: new high speed SDHC card at address aaaa\r\n'
b'[   18.755877] starfive-jh8100-aon-pinctrl 1f300000.pinctrl: StarFive GPIO chip registered 15 GPIOs\r\n'
b'[   18.814407] mmcblk0: mmc0:aaaa SE32G 29.7 GiB \r\n'
b'[   18.914955]  mmcblk0: p1 p2\r\n'
b'[   18.927044] cdns-i2c 12100000.i2c: 100 kHz mmio 12100000 irq 25\r\n'
b'[   20.206223] Freeing unused kernel image (initmem) memory: 2180K\r\n'
b'[   20.213327] Run /init as init process\r\n'
b'[   20.217556]   with arguments:\r\n'
b'[   20.220753]     /init\r\n'
b'[   20.223264]   with environment:\r\n'
b'[   20.226945]     HOME=/\r\n'
b'[   20.229536]     TERM=linux\r\n'
b'Starting syslogd: OK\r\n'
b'Starting klogd: OK\r\n'
b'Running sysctl: OK\r\n'
b'Saving 256 bits of non-creditable seed for next boot\r\n'
b'Starting network: OK\r\n'
b'\r\r\n'
b'Welcome to Buildroot\r\n'
Welcome to Buildroot|buildroot login: found
ETH_001_TFTP_BOOT_LINUX 0 Pass: U-boot boot to Linux with Ethernet TFTP success
